<?xml version="1.0" encoding="utf-8"?><testsuites><testsuite name="pytest" errors="0" failures="0" skipped="0" tests="1" time="8.453" timestamp="2025-04-05T07:55:41.567175-04:00" hostname="Omars-Mac-Studio.local"><testcase classname="tests.unit.app.repositories.test_user" name="test_update_no_user" time="4.661" /></testsuite></testsuites>